\BOOKMARK [0][-]{chapter*.2}{\376\377\000T\000h\000u\000y\036\277\000t\000\040\000m\000i\000n\000h\000\040\000c\000h\036\311\000n\000h\000\040\000s\036\355\000a\000\040\001\021\036\301\000\040\000t\000\340\000i}{}% 1
\BOOKMARK [0][-]{chapter*.3}{\376\377\000N\000h\036\255\000n\000\040\000x\000\351\000t\000\040\000c\036\347\000a\000\040\000G\000V\000\040\000h\001\260\036\333\000n\000g\000\040\000d\036\253\000n}{}% 2
\BOOKMARK [0][-]{chapter*.4}{\376\377\000N\000h\036\255\000n\000\040\000x\000\351\000t\000\040\000c\036\347\000a\000\040\000G\000V\000\040\000p\000h\036\243\000n\000\040\000b\000i\036\307\000n}{}% 3
\BOOKMARK [0][-]{chapter*.5}{\376\377\000L\036\335\000i\000\040\000c\036\243\000m\000\040\001\241\000n}{}% 4
\BOOKMARK [0][-]{chapter*.6}{\376\377\001\020\036\301\000\040\000c\001\260\001\241\000n\000g}{}% 5
\BOOKMARK [0][-]{chapter*.7}{\376\377\000M\036\345\000c\000\040\000l\036\345\000c}{}% 6
\BOOKMARK [0][-]{chapter*.8}{\376\377\000L\000i\000s\000t\000\040\000o\000f\000\040\000F\000i\000g\000u\000r\000e\000s}{}% 7
\BOOKMARK [0][-]{chapter*.9}{\376\377\000L\000i\000s\000t\000\040\000o\000f\000\040\000T\000a\000b\000l\000e\000s}{}% 8
\BOOKMARK [0][-]{chapter*.10}{\376\377\000T\000\363\000m\000\040\000t\036\257\000t}{}% 9
\BOOKMARK [0][-]{chapter.1}{\376\377\000N\000g\000\364\000n\000\040\000n\000g\036\357}{}% 10
\BOOKMARK [0][-]{chapter.2}{\376\377\000P\000r\000o\000p\000o\000s\000e\000d\000\040\000S\000y\000s\000t\000e\000m\000:\000\040\000A\000r\000c\000h\000i\000t\000e\000c\000t\000u\000r\000e\000,\000\040\000M\000e\000t\000h\000o\000d\000o\000l\000o\000g\000y\000,\000\040\000a\000n\000d\000\040\000I\000m\000p\000l\000e\000m\000e\000n\000t\000a\000t\000i\000o\000n}{}% 11
\BOOKMARK [1][-]{section.2.1}{\376\377\000S\000y\000s\000t\000e\000m\000\040\000A\000r\000c\000h\000i\000t\000e\000c\000t\000u\000r\000e}{chapter.2}% 12
\BOOKMARK [2][-]{subsection.2.1.1}{\376\377\000D\000e\000s\000i\000g\000n\000\040\000g\000o\000a\000l\000s}{section.2.1}% 13
\BOOKMARK [2][-]{subsection.2.1.2}{\376\377\000T\000h\000r\000e\000e\000-\000z\000o\000n\000e\000\040\000r\000e\000f\000e\000r\000e\000n\000c\000e\000\040\000a\000r\000c\000h\000i\000t\000e\000c\000t\000u\000r\000e}{section.2.1}% 14
\BOOKMARK [2][-]{subsection.2.1.3}{\376\377\000E\000n\000d\000-\000t\000o\000-\000e\000n\000d\000\040\000d\000a\000t\000a\000\040\000f\000l\000o\000w}{section.2.1}% 15
\BOOKMARK [2][-]{subsection.2.1.4}{\376\377\000H\000y\000b\000r\000i\000d\000\040\000d\000e\000p\000l\000o\000y\000m\000e\000n\000t\000\040\000t\000o\000p\000o\000l\000o\000g\000y}{section.2.1}% 16
\BOOKMARK [2][-]{subsection.2.1.5}{\376\377\000C\000o\000m\000p\000o\000n\000e\000n\000t\000\040\000m\000a\000p\000\040\000a\000n\000d\000\040\000i\000n\000t\000e\000r\000f\000a\000c\000e\000s}{section.2.1}% 17
\BOOKMARK [2][-]{subsection.2.1.6}{\376\377\000K\000e\000y\000\040\000d\000a\000t\000a\000\040\000c\000o\000n\000t\000r\000a\000c\000t\000s}{section.2.1}% 18
\BOOKMARK [2][-]{subsection.2.1.7}{\376\377\000S\000e\000c\000u\000r\000i\000t\000y\000\040\000a\000n\000d\000\040\000t\000r\000u\000s\000t\000\040\000m\000o\000d\000e\000l}{section.2.1}% 19
\BOOKMARK [1][-]{section.2.2}{\376\377\000P\000r\000o\000p\000o\000s\000e\000d\000\040\000M\000e\000t\000h\000o\000d\000o\000l\000o\000g\000y}{chapter.2}% 20
\BOOKMARK [2][-]{subsection.2.2.1}{\376\377\000A\000p\000p\000r\000o\000a\000c\000h\000\040\000o\000v\000e\000r\000v\000i\000e\000w}{section.2.2}% 21
\BOOKMARK [2][-]{subsection.2.2.2}{\376\377\000A\000I\000-\000a\000s\000s\000i\000s\000t\000e\000d\000\040\000g\000e\000n\000e\000r\000a\000t\000i\000o\000n\000\040\000a\000n\000d\000\040\000t\000h\000e\000\040\000r\000e\000g\000e\000n\000e\000r\000a\000t\000i\000o\000n\000\040\000l\000o\000o\000p}{section.2.2}% 22
\BOOKMARK [2][-]{subsection.2.2.3}{\376\377\000P\000r\000e\000-\000v\000a\000l\000i\000d\000a\000t\000i\000o\000n}{section.2.2}% 23
\BOOKMARK [2][-]{subsection.2.2.4}{\376\377\000S\000e\000c\000u\000r\000i\000t\000y\000\040\000e\000v\000a\000l\000u\000a\000t\000i\000o\000n\000\040\000a\000n\000d\000\040\000c\000r\000o\000s\000s\000-\000s\000o\000u\000r\000c\000e\000\040\000d\000e\000d\000u\000p\000l\000i\000c\000a\000t\000i\000o\000n}{section.2.2}% 24
\BOOKMARK [2][-]{subsection.2.2.5}{\376\377\000R\000i\000s\000k\000-\000s\000c\000o\000r\000i\000n\000g\000\040\000e\000n\000g\000i\000n\000e\000\040\000\050\000o\000v\000e\000r\000v\000i\000e\000w\000\051}{section.2.2}% 25
\BOOKMARK [2][-]{subsection.2.2.6}{\376\377\000D\000e\000p\000l\000o\000y\000m\000e\000n\000t\000\040\000g\000o\000v\000e\000r\000n\000a\000n\000c\000e}{section.2.2}% 26
\BOOKMARK [2][-]{subsection.2.2.7}{\376\377\000M\000o\000n\000i\000t\000o\000r\000i\000n\000g\000\040\000a\000n\000d\000\040\000t\000h\000e\000\040\000o\000p\000e\000r\000a\000t\000i\000o\000n\000a\000l\000\040\000l\000o\000o\000p}{section.2.2}% 27
\BOOKMARK [1][-]{section.2.3}{\376\377\000R\000i\000s\000k\000-\000S\000c\000o\000r\000i\000n\000g\000\040\000E\000n\000g\000i\000n\000e}{chapter.2}% 28
\BOOKMARK [2][-]{subsection.2.3.1}{\376\377\000M\000o\000t\000i\000v\000a\000t\000i\000o\000n\000\040\000a\000n\000d\000\040\000l\000i\000m\000i\000t\000a\000t\000i\000o\000n\000s\000\040\000o\000f\000\040\000s\000e\000v\000e\000r\000i\000t\000y\000-\000o\000n\000l\000y\000\040\000s\000c\000o\000r\000i\000n\000g}{section.2.3}% 29
\BOOKMARK [2][-]{subsection.2.3.2}{\376\377\000M\000u\000l\000t\000i\000-\000f\000a\000c\000t\000o\000r\000\040\000f\000o\000r\000m\000u\000l\000a\000t\000i\000o\000n}{section.2.3}% 30
\BOOKMARK [2][-]{subsection.2.3.3}{\376\377\000I\000m\000p\000l\000e\000m\000e\000n\000t\000e\000d\000\040\000a\000d\000d\000i\000t\000i\000v\000e\000\040\000s\000c\000o\000r\000i\000n\000g}{section.2.3}% 31
\BOOKMARK [2][-]{subsection.2.3.4}{\376\377\000M\000a\000c\000h\000i\000n\000e\000-\000l\000e\000a\000r\000n\000i\000n\000g\000\040\000c\000o\000d\000e\000-\000r\000i\000s\000k\000\040\000m\000o\000d\000e\000l}{section.2.3}% 32
\BOOKMARK [2][-]{subsection.2.3.5}{\376\377\000D\000e\000d\000u\000p\000l\000i\000c\000a\000t\000i\000o\000n\000\040\000a\000n\000d\000\040\000e\000x\000p\000l\000a\000i\000n\000a\000b\000i\000l\000i\000t\000y}{section.2.3}% 33
\BOOKMARK [2][-]{subsection.2.3.6}{\376\377\000W\000o\000r\000k\000e\000d\000\040\000e\000x\000a\000m\000p\000l\000e}{section.2.3}% 34
\BOOKMARK [1][-]{section.2.4}{\376\377\000I\000m\000p\000l\000e\000m\000e\000n\000t\000a\000t\000i\000o\000n}{chapter.2}% 35
\BOOKMARK [2][-]{subsection.2.4.1}{\376\377\000T\000e\000c\000h\000n\000o\000l\000o\000g\000y\000\040\000s\000t\000a\000c\000k\000\040\000a\000n\000d\000\040\000r\000e\000p\000o\000s\000i\000t\000o\000r\000y\000\040\000l\000a\000y\000o\000u\000t}{section.2.4}% 36
\BOOKMARK [2][-]{subsection.2.4.2}{\376\377\000G\000e\000n\000e\000r\000a\000t\000i\000o\000n\000\040\000l\000a\000y\000e\000r}{section.2.4}% 37
\BOOKMARK [2][-]{subsection.2.4.3}{\376\377\000S\000e\000c\000u\000r\000i\000t\000y\000\040\000g\000a\000t\000e\000\040\000a\000n\000d\000\040\000s\000c\000a\000n\000n\000e\000r\000\040\000a\000d\000a\000p\000t\000e\000r\000s}{section.2.4}% 38
\BOOKMARK [2][-]{subsection.2.4.4}{\376\377\000O\000r\000c\000h\000e\000s\000t\000r\000a\000t\000i\000o\000n\000\040\000a\000n\000d\000\040\000g\000o\000v\000e\000r\000n\000a\000n\000c\000e}{section.2.4}% 39
\BOOKMARK [2][-]{subsection.2.4.5}{\376\377\000E\000x\000e\000c\000u\000t\000i\000o\000n\000\040\000b\000a\000c\000k\000b\000o\000n\000e}{section.2.4}% 40
\BOOKMARK [2][-]{subsection.2.4.6}{\376\377\000P\000h\000a\000s\000e\000\040\0004\000\040\000o\000b\000s\000e\000r\000v\000a\000b\000i\000l\000i\000t\000y}{section.2.4}% 41
\BOOKMARK [2][-]{subsection.2.4.7}{\376\377\000O\000p\000e\000r\000a\000t\000o\000r\000\040\000c\000o\000n\000s\000o\000l\000e\000\040\000a\000n\000d\000\040\000m\000u\000l\000t\000i\000-\000p\000r\000o\000j\000e\000c\000t\000\040\000r\000e\000g\000i\000s\000t\000r\000y}{section.2.4}% 42
\BOOKMARK [0][-]{chapter.3}{\376\377\000H\001\260\036\333\000n\000g\000\040\000d\036\253\000n\000\040\000s\036\355\000\040\000d\036\345\000n\000g\000\040\000t\000e\000m\000p\000l\000a\000t\000e}{}% 43
\BOOKMARK [1][-]{section.3.1}{\376\377\000T\000r\000\355\000c\000h\000\040\000d\036\253\000n\000\040\000t\000\340\000i\000\040\000l\000i\036\307\000u}{chapter.3}% 44
\BOOKMARK [1][-]{section.3.2}{\376\377\000C\000h\000\350\000n\000\040\000m\000\343\000\040\000n\000g\000u\036\323\000n}{chapter.3}% 45
\BOOKMARK [1][-]{section.3.3}{\376\377\000H\000\354\000n\000h\000\040\036\243\000n\000h}{chapter.3}% 46
\BOOKMARK [1][-]{section.3.4}{\376\377\000B\036\243\000n\000g\000\040\000b\000i\036\303\000u}{chapter.3}% 47
\BOOKMARK [1][-]{section.3.5}{\376\377\000C\000\364\000n\000g\000\040\000t\000h\036\351\000c}{chapter.3}% 48
\BOOKMARK [0][-]{equation.3.1}{\376\377\000D\000a\000n\000h\000\040\000m\036\345\000c\000\040\000c\000\364\000n\000g\000\040\000t\000r\000\354\000n\000h\000\040\000c\036\347\000a\000\040\000t\000\341\000c\000\040\000g\000i\036\243}{}% 49
\BOOKMARK [0][-]{Item.14}{\376\377\000T\000\340\000i\000\040\000l\000i\036\307\000u\000\040\000t\000h\000a\000m\000\040\000k\000h\036\243\000o}{}% 50
\BOOKMARK [0][-]{appendix.A}{\376\377\000N\000g\036\357\000\040\000p\000h\000\341\000p\000\040\000t\000i\036\277\000n\000g\000\040\000V\000i\036\307\000t}{}% 51
\BOOKMARK [0][-]{appendix.B}{\376\377\000N\000g\036\357\000\040\000p\000h\000\341\000p\000\040\000t\000i\036\277\000n\000g\000\040\000N\000\364\000m}{}% 52
